{
    "download_url": "http://localhost/example/content/golden/v3/artifacts/collections/golden/alikins-collection_inspect-0.0.166.tar.gz",
    "namespace": {
        "name": "alikins"
    },
    "collection": {
        "name": "collection_inspect"
    },
    "version": "0.0.166",
    "metadata": {
        "namespace": "alikins",
        "name": "collection_inspect",
        "version": "0.0.166",
        "license": [
            "MIT"
        ],
        "description": "A set of 'collection_inspect' plugins for debugging collection loading",
        "repository": "https://github.com/alikins/collection_inspect",
        "documentation": null,
        "homepage": null,
        "issues": null,
        "authors": [
            "Adrian Likins <alikins@redhat.com>"
        ],
        "tags": [],
        "license_file": null,
        "readme": "README.md",
        "dependencies": {}
    },
    "artifact": {
        "filename": "alikins-collection_inspect-0.0.166.tar.gz",
        "full_path": "/home/adrian/src/testcollections/collection-releases/alikins-collection_inspect-0.0.166.tar.gz",
        "sha256": "1a6d63dfd6cbadd147ec904c7bcd26a8b9c4eff4fdef80f5f6e4edc4201b0063",
        "size": 13461,
        "mtime": "2020-03-03T20:20:30.318053"
    },
    "name": "index.json",
    "_node_type": "IndexJsonNode"
}