{
    "name": "aws",
    "namespace": "netapp",
    "deprecated": false,
    "href": "example/content/golden/v3/collections/netapp/aws/",
    "versions_url": "example/content/golden/v3/collections/netapp/aws/versions/",
    "highest_version": {
        "version": "20.2.0",
        "href": "example/content/golden/v3/collections/netapp/aws/versions/20.2.0/"
    }
}