{
    "download_url": "http://localhost/example/content/golden/v3/artifacts/collections/golden/alikins-collection_inspect-0.0.179.tar.gz",
    "namespace": {
        "name": "alikins"
    },
    "collection": {
        "name": "collection_inspect"
    },
    "version": "0.0.179",
    "metadata": {
        "namespace": "alikins",
        "name": "collection_inspect",
        "version": "0.0.179",
        "license": [
            "MIT"
        ],
        "description": "A set of 'collection_inspect' plugins for debugging collection loading",
        "repository": "https://github.com/alikins/collection_inspect",
        "documentation": null,
        "homepage": null,
        "issues": null,
        "authors": [
            "Adrian Likins <alikins@redhat.com>"
        ],
        "tags": [],
        "license_file": null,
        "readme": "README.md",
        "dependencies": {}
    },
    "artifact": {
        "filename": "alikins-collection_inspect-0.0.179.tar.gz",
        "full_path": "/home/adrian/src/testcollections/collection-releases/alikins-collection_inspect-0.0.179.tar.gz",
        "sha256": "e08d89b8b958b8d3fe82c710eb700ba048fe1f4b0f4a9b60f7549149b22d45e3",
        "size": 13464,
        "mtime": "2020-04-15T16:27:18.890920"
    },
    "name": "index.json",
    "_node_type": "IndexJsonNode"
}