{
    "name": "qradar",
    "namespace": "ibm",
    "deprecated": false,
    "href": "example/content/golden/v3/collections/ibm/qradar/",
    "versions_url": "example/content/golden/v3/collections/ibm/qradar/versions/",
    "highest_version": {
        "version": "0.0.5",
        "href": "example/content/golden/v3/collections/ibm/qradar/versions/0.0.5/"
    }
}