{
    "download_url": "http://localhost/example/content/golden/v3/artifacts/collections/golden/alikins-collection_inspect-0.0.178.tar.gz",
    "namespace": {
        "name": "alikins"
    },
    "collection": {
        "name": "collection_inspect"
    },
    "version": "0.0.178",
    "metadata": {
        "namespace": "alikins",
        "name": "collection_inspect",
        "version": "0.0.178",
        "license": [
            "MIT"
        ],
        "description": "A set of 'collection_inspect' plugins for debugging collection loading",
        "repository": "https://github.com/alikins/collection_inspect",
        "documentation": null,
        "homepage": null,
        "issues": null,
        "authors": [
            "Adrian Likins <alikins@redhat.com>"
        ],
        "tags": [],
        "license_file": null,
        "readme": "README.md",
        "dependencies": {}
    },
    "artifact": {
        "filename": "alikins-collection_inspect-0.0.178.tar.gz",
        "full_path": "/home/adrian/src/testcollections/collection-releases/alikins-collection_inspect-0.0.178.tar.gz",
        "sha256": "b231f2910aaf0e1b055fb2fcacfb83740f60e45d6579d5536629a2e87018fbb0",
        "size": 13461,
        "mtime": "2020-04-15T16:25:30.411031"
    },
    "name": "index.json",
    "_node_type": "IndexJsonNode"
}