{
    "download_url": "http://localhost/example/content/golden/v3/artifacts/collections/golden/alikins-collection_inspect-0.0.174.tar.gz",
    "namespace": {
        "name": "alikins"
    },
    "collection": {
        "name": "collection_inspect"
    },
    "version": "0.0.174",
    "metadata": {
        "namespace": "alikins",
        "name": "collection_inspect",
        "version": "0.0.174",
        "license": [
            "MIT"
        ],
        "description": "A set of 'collection_inspect' plugins for debugging collection loading",
        "repository": "https://github.com/alikins/collection_inspect",
        "documentation": null,
        "homepage": null,
        "issues": null,
        "authors": [
            "Adrian Likins <alikins@redhat.com>"
        ],
        "tags": [],
        "license_file": null,
        "readme": "README.md",
        "dependencies": {}
    },
    "artifact": {
        "filename": "alikins-collection_inspect-0.0.174.tar.gz",
        "full_path": "/home/adrian/src/testcollections/collection-releases/alikins-collection_inspect-0.0.174.tar.gz",
        "sha256": "ffcf5f8f31dd452d935a29b0f85986825f15a3534d9dc3e77e18b3ea827733cb",
        "size": 13464,
        "mtime": "2020-03-03T22:12:15.215436"
    },
    "name": "index.json",
    "_node_type": "IndexJsonNode"
}