{
 "collection_info": {
  "namespace": "netapp",
  "name": "santricity",
  "version": "1.0.6",
  "authors": [
   "Nathan Swartz (@ndswartz)"
  ],
  "readme": "README.md",
  "tags": [
   "netapp",
   "eseries",
   "santricity"
  ],
  "description": null,
  "license": [
   "GPL-3.0-only",
   "BSD-3-Clause"
  ],
  "license_file": null,
  "dependencies": {},
  "repository": "https://www.github.com/netapp-eseries/santricity",
  "documentation": "https://www.netapp.com/us/media/tr-4574.pdf",
  "homepage": "https://www.github.com/netapp-eseries/santricity",
  "issues": "https://github.com/netappeseries/santricity/issues"
 },
 "file_manifest_file": {
  "name": "FILES.json",
  "ftype": "file",
  "chksum_type": "sha256",
  "chksum_sha256": "3a9936ec8dd01b4070e36b8f3d5acfcd699ecd9c71ca10e096147cb379675a38",
  "format": 1
 },
 "format": 1
}