{
    "download_url": "http://localhost/example/content/golden/v3/artifacts/collections/golden/alikins-collection_inspect-0.0.169.tar.gz",
    "namespace": {
        "name": "alikins"
    },
    "collection": {
        "name": "collection_inspect"
    },
    "version": "0.0.169",
    "metadata": {
        "namespace": "alikins",
        "name": "collection_inspect",
        "version": "0.0.169",
        "license": [
            "MIT"
        ],
        "description": "A set of 'collection_inspect' plugins for debugging collection loading",
        "repository": "https://github.com/alikins/collection_inspect",
        "documentation": null,
        "homepage": null,
        "issues": null,
        "authors": [
            "Adrian Likins <alikins@redhat.com>"
        ],
        "tags": [],
        "license_file": null,
        "readme": "README.md",
        "dependencies": {}
    },
    "artifact": {
        "filename": "alikins-collection_inspect-0.0.169.tar.gz",
        "full_path": "/home/adrian/src/testcollections/collection-releases/alikins-collection_inspect-0.0.169.tar.gz",
        "sha256": "844b87cc7fd2f16e7b29e617f03321311f0a31c7f9c2e8e2d58f4728830a1b68",
        "size": 13464,
        "mtime": "2020-03-03T20:37:04.945325"
    },
    "name": "index.json",
    "_node_type": "IndexJsonNode"
}