{
    "meta": {
        "count": 1
    },
    "links": {
        "first": "example/content/golden/v3/collections/netapp/santricity/versions/index.json",
        "last": "example/content/golden/v3/collections/netapp/santricity/versions/index.json",
        "next": null,
        "prev": null
    },
    "data": [
        {
            "version": "1.0.6",
            "href": "example/content/golden/v3/collections/netapp/santricity/versions/1.0.6/",
            "created_at": "2020-06-06T21:47:57.974369",
            "modified_at": "2020-06-06T21:47:57.974369"
        }
    ]
}