{
    "download_url": "http://localhost/example/content/golden/v3/artifacts/collections/golden/alikins-collection_inspect-0.0.168.tar.gz",
    "namespace": {
        "name": "alikins"
    },
    "collection": {
        "name": "collection_inspect"
    },
    "version": "0.0.168",
    "metadata": {
        "namespace": "alikins",
        "name": "collection_inspect",
        "version": "0.0.168",
        "license": [
            "MIT"
        ],
        "description": "A set of 'collection_inspect' plugins for debugging collection loading",
        "repository": "https://github.com/alikins/collection_inspect",
        "documentation": null,
        "homepage": null,
        "issues": null,
        "authors": [
            "Adrian Likins <alikins@redhat.com>"
        ],
        "tags": [],
        "license_file": null,
        "readme": "README.md",
        "dependencies": {}
    },
    "artifact": {
        "filename": "alikins-collection_inspect-0.0.168.tar.gz",
        "full_path": "/home/adrian/src/testcollections/collection-releases/alikins-collection_inspect-0.0.168.tar.gz",
        "sha256": "987c4a057747af68c0fa2adf34d02eb6ca337d3f61345aca0349d93af8579184",
        "size": 13462,
        "mtime": "2020-03-03T20:30:51.193648"
    },
    "name": "index.json",
    "_node_type": "IndexJsonNode"
}