<!-- coleslaw start default-before-extends template "<TemplateReference 'artifacts.html.j2'>" -->
<!-- coleslaw start default-before-extends template "<TemplateReference 'artifacts.html.j2'>" -->

<!-- coleslaw start base template="<TemplateReference 'artifacts.html.j2'>" -->
<!DOCTYPE html>
<html lang="en">
<!-- coleslaw start base-after-html template="<TemplateReference 'artifacts.html.j2'>" -->
<head>
    
    
    <!-- coleslaw start template "<TemplateReference 'head_block.html.j2'>" -->
<!-- Required meta tags -->
<meta charset="utf-8">
<meta name="viewport" content="width=device-width, initial-scale=1, shrink-to-fit=no">

<!-- Bootstrap CSS -->
<link href="https://stackpath.bootstrapcdn.com/bootswatch/4.5.0/spacelab/bootstrap.min.css"
        rel="stylesheet"
        integrity="sha384-sIQOcNYer0kt7oTyFe/YrGzKMFP/qxsJbXTxq0/uiZQgpwXwEu41sVz2M61lWbai"
        crossorigin="anonymous">
<!-- Bootstrap-table -->
<link href="https://unpkg.com/bootstrap-table@1.17.1/dist/bootstrap-table.min.css" rel="stylesheet">
<!-- prism syntax highlighting -->
<link href="https://cdn.jsdelivr.net/npm/prismjs@1.20.0/themes/prism.css" rel="stylesheet" />
<!-- coleslaw end template="<TemplateReference 'head_block.html.j2'>" -->
    <title>- Default</title>
    

</head>
<body>
    <div id="content">

    <!-- coleslaw start template="<TemplateReference 'navbar.html.j2'>"  -->
<nav class="navbar navbar-expand-lg navbar-dark bg-primary">
  <a class="navbar-brand" href="#">Coleslaw</a>
  <button class="navbar-toggler" type="button" data-toggle="collapse" data-target="#navbarColor01" aria-controls="navbarColor01" aria-expanded="false" aria-label="Toggle navigation">
    <span class="navbar-toggler-icon"></span>
  </button>

  <div class="collapse navbar-collapse" id="navbarColor01">
    <ul class="navbar-nav mr-auto">
      <li class="nav-item active">
        <a class="nav-link" href="#">Home <span class="sr-only">(current)</span></a>
      </li>
      <li class="nav-item">
        <a class="nav-link" href="https://github.com/alikins/coleslaw">About</a>
      </li>
    </ul>
    <span class="badge badge-primary">Coleslaw</span>
  </div>
</nav>
<!-- coleslaw end template="<TemplateReference 'navbar.html.j2'> -->
    <!-- coleslaw start template="<TemplateReference 'breadcrumb.html.j2'>" -->
<nav aria-label="breadcrumb">
<ol class="breadcrumb">

    <li class="breadcrumb-item"><a href="../../../../../../index.html">home</a></li>

    <li class="breadcrumb-item"><a href="../../../../../index.html">content</a></li>

    <li class="breadcrumb-item"><a href="../../../../index.html">golden</a></li>

    <li class="breadcrumb-item"><a href="../../../index.html">v3</a></li>

    <li class="breadcrumb-item"><a href="../../index.html">artifacts</a></li>

    <li class="breadcrumb-item"><a href="../index.html">collections</a></li>

    <li class="breadcrumb-item"><a href="index.html">golden</a></li>

<li class="breadcrumb-item"><a href="index.html">index.html</a></li>
</ol>
</nav>
<!-- coleslaw end template="<TemplateReference 'breadcrumb.html.j2'>" -->

<table
  data-toggle="table"
  data-search="true"
  data-show-columns="true"
  class="table artifacts-table">
  <thead>
    <tr>
      <th data-field="filename" data-sortable="true" scope="col">Filename</th>
      <th data-field="size" data-sortable="true" scope="col">Size (bytes)</th>
      <th data-field="mtime" data-sortable="true" scope="col">Modified Date</th>
    </tr>
  </thead>
  <tbody>

    <tr class="artifact-table-row">
    <td>
    <a href="index.json" class="artifact-table-row-link">
    index.json
    </a>
    </td>
    <td></td>
    <td></td>
    </tr>

    <tr class="artifact-table-row">
    <td>
    <a href="SHA256SUMS" class="artifact-table-row-link">
    SHA256SUMS
    </a>
    </td>
    <td></td>
    <td></td>
    </tr>

    <tr class="artifact-table-row">
    <td>
    <a href="alikins-collection_inspect-0.0.160.tar.gz" class="artifact-table-row-link">
    alikins-collection_inspect-0.0.160.tar.gz
    </a>
    </td>
    <td>13462</td>
    <td>2020-03-03T20:05:31.676201</td>
    </tr>

    <tr class="artifact-table-row">
    <td>
    <a href="alikins-collection_inspect-0.0.161.tar.gz" class="artifact-table-row-link">
    alikins-collection_inspect-0.0.161.tar.gz
    </a>
    </td>
    <td>13463</td>
    <td>2020-03-03T20:09:04.245888</td>
    </tr>

    <tr class="artifact-table-row">
    <td>
    <a href="alikins-collection_inspect-0.0.162.tar.gz" class="artifact-table-row-link">
    alikins-collection_inspect-0.0.162.tar.gz
    </a>
    </td>
    <td>13462</td>
    <td>2020-03-03T20:14:24.362415</td>
    </tr>

    <tr class="artifact-table-row">
    <td>
    <a href="alikins-collection_inspect-0.0.163.tar.gz" class="artifact-table-row-link">
    alikins-collection_inspect-0.0.163.tar.gz
    </a>
    </td>
    <td>13462</td>
    <td>2020-03-03T20:17:04.027187</td>
    </tr>

    <tr class="artifact-table-row">
    <td>
    <a href="alikins-collection_inspect-0.0.164.tar.gz" class="artifact-table-row-link">
    alikins-collection_inspect-0.0.164.tar.gz
    </a>
    </td>
    <td>13463</td>
    <td>2020-03-03T20:17:43.408162</td>
    </tr>

    <tr class="artifact-table-row">
    <td>
    <a href="alikins-collection_inspect-0.0.165.tar.gz" class="artifact-table-row-link">
    alikins-collection_inspect-0.0.165.tar.gz
    </a>
    </td>
    <td>13461</td>
    <td>2020-03-03T20:19:46.671081</td>
    </tr>

    <tr class="artifact-table-row">
    <td>
    <a href="alikins-collection_inspect-0.0.166.tar.gz" class="artifact-table-row-link">
    alikins-collection_inspect-0.0.166.tar.gz
    </a>
    </td>
    <td>13461</td>
    <td>2020-03-03T20:20:30.318053</td>
    </tr>

    <tr class="artifact-table-row">
    <td>
    <a href="alikins-collection_inspect-0.0.167.tar.gz" class="artifact-table-row-link">
    alikins-collection_inspect-0.0.167.tar.gz
    </a>
    </td>
    <td>13457</td>
    <td>2020-03-03T20:30:13.989672</td>
    </tr>

    <tr class="artifact-table-row">
    <td>
    <a href="alikins-collection_inspect-0.0.168.tar.gz" class="artifact-table-row-link">
    alikins-collection_inspect-0.0.168.tar.gz
    </a>
    </td>
    <td>13462</td>
    <td>2020-03-03T20:30:51.193648</td>
    </tr>

    <tr class="artifact-table-row">
    <td>
    <a href="alikins-collection_inspect-0.0.169.tar.gz" class="artifact-table-row-link">
    alikins-collection_inspect-0.0.169.tar.gz
    </a>
    </td>
    <td>13464</td>
    <td>2020-03-03T20:37:04.945325</td>
    </tr>

    <tr class="artifact-table-row">
    <td>
    <a href="alikins-collection_inspect-0.0.170.tar.gz" class="artifact-table-row-link">
    alikins-collection_inspect-0.0.170.tar.gz
    </a>
    </td>
    <td>13462</td>
    <td>2020-03-03T22:04:35.425017</td>
    </tr>

    <tr class="artifact-table-row">
    <td>
    <a href="alikins-collection_inspect-0.0.171.tar.gz" class="artifact-table-row-link">
    alikins-collection_inspect-0.0.171.tar.gz
    </a>
    </td>
    <td>13459</td>
    <td>2020-03-03T22:05:32.409945</td>
    </tr>

    <tr class="artifact-table-row">
    <td>
    <a href="alikins-collection_inspect-0.0.172.tar.gz" class="artifact-table-row-link">
    alikins-collection_inspect-0.0.172.tar.gz
    </a>
    </td>
    <td>13459</td>
    <td>2020-03-03T22:09:13.814665</td>
    </tr>

    <tr class="artifact-table-row">
    <td>
    <a href="alikins-collection_inspect-0.0.173.tar.gz" class="artifact-table-row-link">
    alikins-collection_inspect-0.0.173.tar.gz
    </a>
    </td>
    <td>13456</td>
    <td>2020-03-03T22:09:44.713626</td>
    </tr>

    <tr class="artifact-table-row">
    <td>
    <a href="alikins-collection_inspect-0.0.174.tar.gz" class="artifact-table-row-link">
    alikins-collection_inspect-0.0.174.tar.gz
    </a>
    </td>
    <td>13464</td>
    <td>2020-03-03T22:12:15.215436</td>
    </tr>

    <tr class="artifact-table-row">
    <td>
    <a href="alikins-collection_inspect-0.0.176.tar.gz" class="artifact-table-row-link">
    alikins-collection_inspect-0.0.176.tar.gz
    </a>
    </td>
    <td>13463</td>
    <td>2020-03-20T13:04:17.059948</td>
    </tr>

    <tr class="artifact-table-row">
    <td>
    <a href="alikins-collection_inspect-0.0.177.tar.gz" class="artifact-table-row-link">
    alikins-collection_inspect-0.0.177.tar.gz
    </a>
    </td>
    <td>13463</td>
    <td>2020-04-15T16:13:05.950952</td>
    </tr>

    <tr class="artifact-table-row">
    <td>
    <a href="alikins-collection_inspect-0.0.178.tar.gz" class="artifact-table-row-link">
    alikins-collection_inspect-0.0.178.tar.gz
    </a>
    </td>
    <td>13461</td>
    <td>2020-04-15T16:25:30.411031</td>
    </tr>

    <tr class="artifact-table-row">
    <td>
    <a href="alikins-collection_inspect-0.0.179.tar.gz" class="artifact-table-row-link">
    alikins-collection_inspect-0.0.179.tar.gz
    </a>
    </td>
    <td>13464</td>
    <td>2020-04-15T16:27:18.890920</td>
    </tr>

    <tr class="artifact-table-row">
    <td>
    <a href="alikins-collection_inspect-0.0.199.tar.gz" class="artifact-table-row-link">
    alikins-collection_inspect-0.0.199.tar.gz
    </a>
    </td>
    <td>13460</td>
    <td>2020-05-13T19:38:07.803201</td>
    </tr>

    <tr class="artifact-table-row">
    <td>
    <a href="alikins-collection_inspect-0.0.204.tar.gz" class="artifact-table-row-link">
    alikins-collection_inspect-0.0.204.tar.gz
    </a>
    </td>
    <td>13461</td>
    <td>2020-05-14T21:35:31.508755</td>
    </tr>

    <tr class="artifact-table-row">
    <td>
    <a href="ibm.ibm_zos_core-1.0.0.tar.gz" class="artifact-table-row-link">
    ibm.ibm_zos_core-1.0.0.tar.gz
    </a>
    </td>
    <td>76538</td>
    <td>2020-06-06T21:48:02.652348</td>
    </tr>

    <tr class="artifact-table-row">
    <td>
    <a href="ibm.qradar-0.0.5.tar.gz" class="artifact-table-row-link">
    ibm.qradar-0.0.5.tar.gz
    </a>
    </td>
    <td>26274</td>
    <td>2020-06-06T21:47:59.130363</td>
    </tr>

    <tr class="artifact-table-row">
    <td>
    <a href="ibm.spectrum_virtualize-1.0.3.tar.gz" class="artifact-table-row-link">
    ibm.spectrum_virtualize-1.0.3.tar.gz
    </a>
    </td>
    <td>32377</td>
    <td>2020-06-06T21:48:02.425349</td>
    </tr>

    <tr class="artifact-table-row">
    <td>
    <a href="netapp-aws-20.2.0.tar.gz" class="artifact-table-row-link">
    netapp-aws-20.2.0.tar.gz
    </a>
    </td>
    <td>15921</td>
    <td>2020-07-29T19:15:03.666711</td>
    </tr>

    <tr class="artifact-table-row">
    <td>
    <a href="netapp.aws-20.2.0.tar.gz" class="artifact-table-row-link">
    netapp.aws-20.2.0.tar.gz
    </a>
    </td>
    <td>15921</td>
    <td>2020-06-06T21:48:00.135359</td>
    </tr>

    <tr class="artifact-table-row">
    <td>
    <a href="netapp.azure-20.2.0.tar.gz" class="artifact-table-row-link">
    netapp.azure-20.2.0.tar.gz
    </a>
    </td>
    <td>16277</td>
    <td>2020-06-06T21:48:01.867351</td>
    </tr>

    <tr class="artifact-table-row">
    <td>
    <a href="netapp.elementsw-20.2.0.tar.gz" class="artifact-table-row-link">
    netapp.elementsw-20.2.0.tar.gz
    </a>
    </td>
    <td>50471</td>
    <td>2020-06-06T21:47:56.520375</td>
    </tr>

    <tr class="artifact-table-row">
    <td>
    <a href="netapp.ontap-20.2.0.tar.gz" class="artifact-table-row-link">
    netapp.ontap-20.2.0.tar.gz
    </a>
    </td>
    <td>304383</td>
    <td>2020-06-06T21:47:56.947373</td>
    </tr>

    <tr class="artifact-table-row">
    <td>
    <a href="netapp.santricity-1.0.6.tar.gz" class="artifact-table-row-link">
    netapp.santricity-1.0.6.tar.gz
    </a>
    </td>
    <td>313893</td>
    <td>2020-06-06T21:47:57.974369</td>
    </tr>

  </tbody>
</table>
</div>
    <div id="links">
</div>
    <div id="footer">
        
    <!-- coleslaw start template "<TemplateReference 'javascript.html.j2'>" -->
<!-- Optional JavaScript -->
<!-- jQuery first, then Popper.js, then Bootstrap JS -->
<script src="https://code.jquery.com/jquery-3.5.1.slim.min.js" integrity="sha384-DfXdz2htPH0lsSSs5nCTpuj/zy4C+OGpamoFVy38MVBnE+IbbVYUew+OrCXaRkfj" crossorigin="anonymous"></script>

<script src="https://cdn.jsdelivr.net/npm/popper.js@1.16.0/dist/umd/popper.min.js" integrity="sha384-Q6E9RHvbIyZFJoft+2mJbHaEWldlvI9IOYy5n3zV9zzTtmI3UksdQRVvoxMfooAo" crossorigin="anonymous"></script>

<script src="https://stackpath.bootstrapcdn.com/bootstrap/4.5.0/js/bootstrap.min.js" integrity="sha384-OgVRvuATP1z7JjHLkuOU7Xw704+h835Lr+6QL9UvYjZE3Ipu6Tp75j7Bh/kR0JKI" crossorigin="anonymous"></script>

<script src="https://unpkg.com/bootstrap-table@1.17.1/dist/bootstrap-table.min.js"></script>

<!-- prism syntax highlighting -->
<script src="https://cdn.jsdelivr.net/npm/prismjs@1.20.0/components/prism-core.min.js"></script>
<script src="https://cdn.jsdelivr.net/npm/prismjs@1.20.0/plugins/autoloader/prism-autoloader.min.js"></script>
<!-- coleslaw end template "<TemplateReference 'javascript.html.j2'>" -->

    </div>
</body>
<!-- coleslaw end base-before-end-html template="<TemplateReference 'artifacts.html.j2'>" -->
</html>
<!-- coleslaw end base template="<TemplateReference 'artifacts.html.j2'>" -->