{
 "collection_info": {
  "namespace": "ibm",
  "name": "ibm_zos_core",
  "version": "1.0.0",
  "authors": [
   "Asif Mahmud <asif.mahmud@ibm.com>",
   "Blake Becker <blake.becker@ibm.com>",
   "Xiao Yuan Ma <bjmaxy@cn.ibm.com>",
   "Demetrios Dimatos <ddimatos@us.ibm.com>",
   "Jack Ho <jack.ho@ibm.com>",
   "Lu Zhao <zlbjlu@cn.ibm.com>",
   "Ping Xiao <xiaoping@cn.ibm.com>"
  ],
  "readme": "README.md",
  "tags": [
   "ibm",
   "z",
   "zos",
   "z_os",
   "core",
   "zos_core",
   "ibm_zos_core",
   "data_set",
   "jcl",
   "uss",
   "mvs"
  ],
  "description": "The IBM z/OS core collection includes connection plugins, action plugins, modules, sample playbooks, action plugins and ansible-doc to automate tasks on z/OS.",
  "license": [
   "GPL-3.0-only",
   "Apache-2.0"
  ],
  "license_file": null,
  "dependencies": {},
  "repository": "https://github.com/ansible-collections/ibm_zos_core",
  "documentation": "https://ansible-collections.github.io/ibm_zos_core/index.html",
  "homepage": "https://www.ibm.com/support/z-content-solutions/ansible/",
  "issues": "https://github.com/ansible-collections/ibm_zos_core/issues"
 },
 "file_manifest_file": {
  "name": "FILES.json",
  "ftype": "file",
  "chksum_type": "sha256",
  "chksum_sha256": "494cb87e552e8ccb94c756fadcaa2feebd7517537344f4e33e5c9974cfb8a98b",
  "format": 1
 },
 "format": 1
}