<!-- coleslaw start default-before-extends template "<TemplateReference 'README.html.j2'>" -->

<!-- coleslaw start base template="<TemplateReference 'README.html.j2'>" -->
<!DOCTYPE html>
<html lang="en">
<!-- coleslaw start base-after-html template="<TemplateReference 'README.html.j2'>" -->
<head>
    
    
    <!-- coleslaw start template "<TemplateReference 'head_block.html.j2'>" -->
<!-- Required meta tags -->
<meta charset="utf-8">
<meta name="viewport" content="width=device-width, initial-scale=1, shrink-to-fit=no">

<!-- Bootstrap CSS -->
<link href="https://stackpath.bootstrapcdn.com/bootswatch/4.5.0/spacelab/bootstrap.min.css"
        rel="stylesheet"
        integrity="sha384-sIQOcNYer0kt7oTyFe/YrGzKMFP/qxsJbXTxq0/uiZQgpwXwEu41sVz2M61lWbai"
        crossorigin="anonymous">
<!-- Bootstrap-table -->
<link href="https://unpkg.com/bootstrap-table@1.17.1/dist/bootstrap-table.min.css" rel="stylesheet">
<!-- prism syntax highlighting -->
<link href="https://cdn.jsdelivr.net/npm/prismjs@1.20.0/themes/prism.css" rel="stylesheet" />
<!-- coleslaw end template="<TemplateReference 'head_block.html.j2'>" -->
    <title>README</title>
    

</head>
<body>
    <div id="content">

    <!-- coleslaw start template="<TemplateReference 'navbar.html.j2'>"  -->
<nav class="navbar navbar-expand-lg navbar-dark bg-primary">
  <a class="navbar-brand" href="#">Coleslaw</a>
  <button class="navbar-toggler" type="button" data-toggle="collapse" data-target="#navbarColor01" aria-controls="navbarColor01" aria-expanded="false" aria-label="Toggle navigation">
    <span class="navbar-toggler-icon"></span>
  </button>

  <div class="collapse navbar-collapse" id="navbarColor01">
    <ul class="navbar-nav mr-auto">
      <li class="nav-item active">
        <a class="nav-link" href="#">Home <span class="sr-only">(current)</span></a>
      </li>
      <li class="nav-item">
        <a class="nav-link" href="https://github.com/alikins/coleslaw">About</a>
      </li>
    </ul>
    <span class="badge badge-primary">Coleslaw</span>
  </div>
</nav>
<!-- coleslaw end template="<TemplateReference 'navbar.html.j2'> -->
    <!-- coleslaw start template="<TemplateReference 'breadcrumb.html.j2'>" -->
<nav aria-label="breadcrumb">
<ol class="breadcrumb">

    <li class="breadcrumb-item"><a href="../../../../../../../../index.html">home</a></li>

    <li class="breadcrumb-item"><a href="../../../../../../../index.html">content</a></li>

    <li class="breadcrumb-item"><a href="../../../../../../index.html">golden</a></li>

    <li class="breadcrumb-item"><a href="../../../../../index.html">v3</a></li>

    <li class="breadcrumb-item"><a href="../../../../index.html">collections</a></li>

    <li class="breadcrumb-item"><a href="../../../index.html">ibm</a></li>

    <li class="breadcrumb-item"><a href="../../index.html">ibm_zos_core</a></li>

    <li class="breadcrumb-item"><a href="../index.html">versions</a></li>

    <li class="breadcrumb-item"><a href="index.html">1.0.0</a></li>

<li class="breadcrumb-item"><a href="README.html">README.html</a></li>
</ol>
</nav>
<!-- coleslaw end template="<TemplateReference 'breadcrumb.html.j2'>" -->

<h1>IBM z/OS core collection</h1>
<p>The <strong>IBM z/OS core collection</strong>, also represented as <strong>ibm_zos_core</strong>
in this document, is part of the broader offering <strong>Red Hat® Ansible
Certified Content for IBM Z</strong>. IBM z/OS core collection supports tasks
such as creating data sets, submitting jobs, querying jobs, and
retrieving job output.</p>
<h1>Red Hat Ansible Certified Content for IBM Z</h1>
<p><strong>Red Hat® Ansible Certified Content for IBM Z</strong> provides the ability to
connect IBM Z® to clients\' wider enterprise automation strategy through
the Ansible Automation Platform ecosystem. This enables development and
operations automation on Z through a seamless, unified workflow
orchestration with configuration management, provisioning, and
application deployment in one easy-to-use platform.</p>
<p>IBM z/OS core collection, as part of the broader offering <strong>Red Hat®
Ansible Certified Content for IBM Z</strong>, will be available on both, Galaxy
as community supported and Automation Hub with enterprise support.</p>
<p>For <strong>guides</strong> and <strong>reference</strong>, please visit <a href="https://ansible-collections.github.io/ibm_zos_core/">the documentation
site</a>.</p>
<h1>Features</h1>
<p>The IBM z/OS core collection includes <a href="https://github.com/ansible-collections/ibm_zos_core/tree/master/plugins/connection/">connection
plugins</a>,
<a href="https://github.com/ansible-collections/ibm_zos_core/tree/master/plugins/action/">action
plugins</a>,
<a href="https://github.com/ansible-collections/ibm_zos_core/tree/master/plugins/modules/">modules</a>,
<a href="https://github.com/ansible-collections/ibm_zos_core/tree/master/playbooks/">sample
playbooks</a>
and ansible-doc to automate tasks on z/OS.</p>
<h1>Copyright</h1>
<p>© Copyright IBM Corporation 2020</p>
<h1>License</h1>
<p>Some portions of this collection are licensed under <a href="https://opensource.org/licenses/GPL-3.0">GNU General Public
License, Version 3.0</a>, and
other portions of this collection are licensed under <a href="https://opensource.org/licenses/Apache-2.0">Apache License,
Version 2.0</a>.</p>
<p>See individual files for applicable licenses.</p>
</div>
    <div id="links"><!-- coleslaw start siblings template="<TemplateReference 'sibling_links.html.j2'>" -->
<ul class="nav">

    
    
    <li class="nav-item">
    <a class="nav-link" href="index.html">index.html</a>
    </li>

    
    
    <li class="nav-item">
    <a class="nav-link" href="index.json">index.json</a>
    </li>

    
    
    <li class="nav-item">
    <a class="nav-link" href="FILES.json">FILES.json</a>
    </li>

    
    
    <li class="nav-item">
    <a class="nav-link" href="MANIFEST.json">MANIFEST.json</a>
    </li>

    
    
    <li class="nav-item">
    <a class="nav-link" href="docs_blob.json">docs_blob.json</a>
    </li>

</ul>
<!-- coleslaw end siblings template="<TemplateReference 'sibling_links.html.j2'>" --></div>
    <div id="footer">
        
    <!-- coleslaw start template "<TemplateReference 'javascript.html.j2'>" -->
<!-- Optional JavaScript -->
<!-- jQuery first, then Popper.js, then Bootstrap JS -->
<script src="https://code.jquery.com/jquery-3.5.1.slim.min.js" integrity="sha384-DfXdz2htPH0lsSSs5nCTpuj/zy4C+OGpamoFVy38MVBnE+IbbVYUew+OrCXaRkfj" crossorigin="anonymous"></script>

<script src="https://cdn.jsdelivr.net/npm/popper.js@1.16.0/dist/umd/popper.min.js" integrity="sha384-Q6E9RHvbIyZFJoft+2mJbHaEWldlvI9IOYy5n3zV9zzTtmI3UksdQRVvoxMfooAo" crossorigin="anonymous"></script>

<script src="https://stackpath.bootstrapcdn.com/bootstrap/4.5.0/js/bootstrap.min.js" integrity="sha384-OgVRvuATP1z7JjHLkuOU7Xw704+h835Lr+6QL9UvYjZE3Ipu6Tp75j7Bh/kR0JKI" crossorigin="anonymous"></script>

<script src="https://unpkg.com/bootstrap-table@1.17.1/dist/bootstrap-table.min.js"></script>

<!-- prism syntax highlighting -->
<script src="https://cdn.jsdelivr.net/npm/prismjs@1.20.0/components/prism-core.min.js"></script>
<script src="https://cdn.jsdelivr.net/npm/prismjs@1.20.0/plugins/autoloader/prism-autoloader.min.js"></script>
<!-- coleslaw end template "<TemplateReference 'javascript.html.j2'>" -->

    </div>
</body>
<!-- coleslaw end base-before-end-html template="<TemplateReference 'README.html.j2'>" -->
</html>
<!-- coleslaw end base template="<TemplateReference 'README.html.j2'>" -->