{
 "files": [
  {
   "name": ".",
   "ftype": "dir",
   "chksum_type": null,
   "chksum_sha256": null,
   "format": 1
  },
  {
   "name": "LICENSE",
   "ftype": "file",
   "chksum_type": "sha256",
   "chksum_sha256": "8b1ba204bb69a0ade2bfcf65ef294a920f6bb361b317dba43c7ef29d96332b9b",
   "format": 1
  },
  {
   "name": "playbooks",
   "ftype": "dir",
   "chksum_type": null,
   "chksum_sha256": null,
   "format": 1
  },
  {
   "name": "playbooks/place_holder",
   "ftype": "file",
   "chksum_type": "sha256",
   "chksum_sha256": "e3b0c44298fc1c149afbf4c8996fb92427ae41e4649b934ca495991b7852b855",
   "format": 1
  },
  {
   "name": "tests",
   "ftype": "dir",
   "chksum_type": null,
   "chksum_sha256": null,
   "format": 1
  },
  {
   "name": "tests/unit",
   "ftype": "dir",
   "chksum_type": null,
   "chksum_sha256": null,
   "format": 1
  },
  {
   "name": "tests/unit/plugins",
   "ftype": "dir",
   "chksum_type": null,
   "chksum_sha256": null,
   "format": 1
  },
  {
   "name": "tests/unit/plugins/modules",
   "ftype": "dir",
   "chksum_type": null,
   "chksum_sha256": null,
   "format": 1
  },
  {
   "name": "tests/unit/plugins/modules/test_ibm_svc_info.py",
   "ftype": "file",
   "chksum_type": "sha256",
   "chksum_sha256": "fa701db60aabee5669cb21ccce905486c477de26300ac26dd7216b8f8617f447",
   "format": 1
  },
  {
   "name": "tests/unit/plugins/modules/test_ibm_svc_vdisk.py",
   "ftype": "file",
   "chksum_type": "sha256",
   "chksum_sha256": "69087c81663bd5785b24a60ff8abafa1deb4019fa43ae4c02a727ef251b1c8a5",
   "format": 1
  },
  {
   "name": "tests/unit/plugins/modules/test_ibm_svc_vol_map.py",
   "ftype": "file",
   "chksum_type": "sha256",
   "chksum_sha256": "80d2eeda8c26dc547588d732c3895c7566d572fecf921b839b5b08b46702cc32",
   "format": 1
  },
  {
   "name": "tests/unit/plugins/modules/test_ibm_svc_mdiskgrp.py",
   "ftype": "file",
   "chksum_type": "sha256",
   "chksum_sha256": "170fe3f0ab28562f503e6dcef91fb4e5f35b9ff8c6a93e133b4d73a8ad9d3828",
   "format": 1
  },
  {
   "name": "tests/unit/plugins/modules/test_ibm_svc_host.py",
   "ftype": "file",
   "chksum_type": "sha256",
   "chksum_sha256": "670d1a5db6d4eccf2679acda0933b7209aa22d8cd399cfb29337a08bb38d02b5",
   "format": 1
  },
  {
   "name": "tests/unit/plugins/modules/test_ibm_svc_mdisk.py",
   "ftype": "file",
   "chksum_type": "sha256",
   "chksum_sha256": "62378b8d3532a88068e83698489b67305889b3ce22d6f64812b580b60e489316",
   "format": 1
  },
  {
   "name": "tests/unit/plugins/module_utils",
   "ftype": "dir",
   "chksum_type": null,
   "chksum_sha256": null,
   "format": 1
  },
  {
   "name": "tests/unit/plugins/module_utils/test_ibm_svc_utils.py",
   "ftype": "file",
   "chksum_type": "sha256",
   "chksum_sha256": "411226715a4febea48354cdfa226707993c2094e6b70e03eaa7229395a6e2eb3",
   "format": 1
  },
  {
   "name": ".travis.yml",
   "ftype": "file",
   "chksum_type": "sha256",
   "chksum_sha256": "c5bc709c1f855e69bcb55495ced4dad2381c7f76051514dc8b0a4986b3078f96",
   "format": 1
  },
  {
   "name": "docs",
   "ftype": "dir",
   "chksum_type": null,
   "chksum_sha256": null,
   "format": 1
  },
  {
   "name": "docs/place_holder",
   "ftype": "file",
   "chksum_type": "sha256",
   "chksum_sha256": "e3b0c44298fc1c149afbf4c8996fb92427ae41e4649b934ca495991b7852b855",
   "format": 1
  },
  {
   "name": "README.md",
   "ftype": "file",
   "chksum_type": "sha256",
   "chksum_sha256": "a02ef99effec062551ef219b261564ce30f71e32a34bbe1361f672dc9c44a3ba",
   "format": 1
  },
  {
   "name": ".gitignore",
   "ftype": "file",
   "chksum_type": "sha256",
   "chksum_sha256": "7485e1d25d098a101f2b68885e5ce257624103b7fa4e162d8af592d079693535",
   "format": 1
  },
  {
   "name": "roles",
   "ftype": "dir",
   "chksum_type": null,
   "chksum_sha256": null,
   "format": 1
  },
  {
   "name": "roles/place_holder",
   "ftype": "file",
   "chksum_type": "sha256",
   "chksum_sha256": "e3b0c44298fc1c149afbf4c8996fb92427ae41e4649b934ca495991b7852b855",
   "format": 1
  },
  {
   "name": "plugins",
   "ftype": "dir",
   "chksum_type": null,
   "chksum_sha256": null,
   "format": 1
  },
  {
   "name": "plugins/filter",
   "ftype": "dir",
   "chksum_type": null,
   "chksum_sha256": null,
   "format": 1
  },
  {
   "name": "plugins/filter/place_holder",
   "ftype": "file",
   "chksum_type": "sha256",
   "chksum_sha256": "e3b0c44298fc1c149afbf4c8996fb92427ae41e4649b934ca495991b7852b855",
   "format": 1
  },
  {
   "name": "plugins/action",
   "ftype": "dir",
   "chksum_type": null,
   "chksum_sha256": null,
   "format": 1
  },
  {
   "name": "plugins/action/place_holder",
   "ftype": "file",
   "chksum_type": "sha256",
   "chksum_sha256": "e3b0c44298fc1c149afbf4c8996fb92427ae41e4649b934ca495991b7852b855",
   "format": 1
  },
  {
   "name": "plugins/inventory",
   "ftype": "dir",
   "chksum_type": null,
   "chksum_sha256": null,
   "format": 1
  },
  {
   "name": "plugins/inventory/place_holder",
   "ftype": "file",
   "chksum_type": "sha256",
   "chksum_sha256": "e3b0c44298fc1c149afbf4c8996fb92427ae41e4649b934ca495991b7852b855",
   "format": 1
  },
  {
   "name": "plugins/modules",
   "ftype": "dir",
   "chksum_type": null,
   "chksum_sha256": null,
   "format": 1
  },
  {
   "name": "plugins/modules/ibm_svc_mdisk.py",
   "ftype": "file",
   "chksum_type": "sha256",
   "chksum_sha256": "00807dd39c2adeee1ca0f6cf594f7cd338a82aadbec07167d1ea29ee87d995d8",
   "format": 1
  },
  {
   "name": "plugins/modules/ibm_svc_mdiskgrp.py",
   "ftype": "file",
   "chksum_type": "sha256",
   "chksum_sha256": "4efc799015d5254014cbc116be6af333f039db4b7666c2585616a094bc15ce8b",
   "format": 1
  },
  {
   "name": "plugins/modules/ibm_svc_host.py",
   "ftype": "file",
   "chksum_type": "sha256",
   "chksum_sha256": "0a7ff863ae55b3cfa69798001314acbfc8ac863f40da0de3df5834ff75326b01",
   "format": 1
  },
  {
   "name": "plugins/modules/ibm_svc_vol_map.py",
   "ftype": "file",
   "chksum_type": "sha256",
   "chksum_sha256": "482787df33ef3522e7c9de80d30a5f5aa328510d3c649ef95c4f166cf59335c0",
   "format": 1
  },
  {
   "name": "plugins/modules/ibm_svc_info.py",
   "ftype": "file",
   "chksum_type": "sha256",
   "chksum_sha256": "84887daebd9dc1141d74fc495dab842e81ea02db087219cfddd0fce14bbe360f",
   "format": 1
  },
  {
   "name": "plugins/modules/__init__.py",
   "ftype": "file",
   "chksum_type": "sha256",
   "chksum_sha256": "e3b0c44298fc1c149afbf4c8996fb92427ae41e4649b934ca495991b7852b855",
   "format": 1
  },
  {
   "name": "plugins/modules/ibm_svc_vdisk.py",
   "ftype": "file",
   "chksum_type": "sha256",
   "chksum_sha256": "abec9dfabf453e7c2faa46bf40f55d0223b49e213b446c65874de29b6f301ecd",
   "format": 1
  },
  {
   "name": "plugins/README.md",
   "ftype": "file",
   "chksum_type": "sha256",
   "chksum_sha256": "c82ee692702ec1dd604cdbc38ff252114e5204e1b0627045a66c9451e7a918ac",
   "format": 1
  },
  {
   "name": "plugins/module_utils",
   "ftype": "dir",
   "chksum_type": null,
   "chksum_sha256": null,
   "format": 1
  },
  {
   "name": "plugins/module_utils/ibm_svc_utils.py",
   "ftype": "file",
   "chksum_type": "sha256",
   "chksum_sha256": "bfa067b927a90b7515b59223fa778767c88640315170940ce3fab774efca4321",
   "format": 1
  }
 ],
 "format": 1
}