{
 "collection_info": {
  "namespace": "alikins",
  "name": "collection_inspect",
  "version": "0.0.160",
  "authors": [
   "Adrian Likins <alikins@redhat.com>"
  ],
  "readme": "README.md",
  "tags": [],
  "description": "A set of 'collection_inspect' plugins for debugging collection loading",
  "license": [
   "MIT"
  ],
  "license_file": null,
  "dependencies": null,
  "repository": "https://github.com/alikins/collection_inspect",
  "documentation": null,
  "homepage": null,
  "issues": null
 },
 "file_manifest_file": {
  "name": "FILES.json",
  "ftype": "file",
  "chksum_type": "sha256",
  "chksum_sha256": "0f5ddf1825bac766445237b3de682c11f4f0ed4e6ee81d73ba62151b69fe6d3d",
  "format": 1
 },
 "format": 1
}