{
    "name": "collection_inspect",
    "namespace": "alikins",
    "deprecated": false,
    "href": "example/content/golden/v3/collections/alikins/collection_inspect/",
    "versions_url": "example/content/golden/v3/collections/alikins/collection_inspect/versions/",
    "highest_version": {
        "version": "0.0.204",
        "href": "example/content/golden/v3/collections/alikins/collection_inspect/versions/0.0.204/"
    }
}