{
 "collection_info": {
  "namespace": "alikins",
  "name": "collection_inspect",
  "version": "0.0.166",
  "authors": [
   "Adrian Likins <alikins@redhat.com>"
  ],
  "readme": "README.md",
  "tags": [],
  "description": "A set of 'collection_inspect' plugins for debugging collection loading",
  "license": [
   "MIT"
  ],
  "license_file": null,
  "dependencies": null,
  "repository": "https://github.com/alikins/collection_inspect",
  "documentation": null,
  "homepage": null,
  "issues": null
 },
 "file_manifest_file": {
  "name": "FILES.json",
  "ftype": "file",
  "chksum_type": "sha256",
  "chksum_sha256": "a5088182d896a1e38fdb52a8ab70aa04f8dd1ef3a42e16d27afbceca2fe6fa92",
  "format": 1
 },
 "format": 1
}