{
    "meta": {
        "count": 1
    },
    "links": {
        "first": "example/content/golden/v3/collections/netapp/elementsw/versions/index.json",
        "last": "example/content/golden/v3/collections/netapp/elementsw/versions/index.json",
        "next": null,
        "prev": null
    },
    "data": [
        {
            "version": "20.2.0",
            "href": "example/content/golden/v3/collections/netapp/elementsw/versions/20.2.0/",
            "created_at": "2020-06-06T21:47:56.520375",
            "modified_at": "2020-06-06T21:47:56.520375"
        }
    ]
}