{
    "download_url": "http://localhost/example/content/golden/v3/artifacts/collections/golden/alikins-collection_inspect-0.0.199.tar.gz",
    "namespace": {
        "name": "alikins"
    },
    "collection": {
        "name": "collection_inspect"
    },
    "version": "0.0.199",
    "metadata": {
        "namespace": "alikins",
        "name": "collection_inspect",
        "version": "0.0.199",
        "license": [
            "MIT"
        ],
        "description": "A set of 'collection_inspect' plugins for debugging collection loading",
        "repository": "https://github.com/alikins/collection_inspect",
        "documentation": null,
        "homepage": null,
        "issues": null,
        "authors": [
            "Adrian Likins <alikins@redhat.com>"
        ],
        "tags": [],
        "license_file": null,
        "readme": "README.md",
        "dependencies": {}
    },
    "artifact": {
        "filename": "alikins-collection_inspect-0.0.199.tar.gz",
        "full_path": "/home/adrian/src/testcollections/collection-releases/alikins-collection_inspect-0.0.199.tar.gz",
        "sha256": "0a37a2d8625c205425f3b5c876a5142ea5a95cc7a0e84e706201c394fa5be294",
        "size": 13460,
        "mtime": "2020-05-13T19:38:07.803201"
    },
    "name": "index.json",
    "_node_type": "IndexJsonNode"
}