{
 "collection_info": {
  "namespace": "alikins",
  "name": "collection_inspect",
  "version": "0.0.168",
  "authors": [
   "Adrian Likins <alikins@redhat.com>"
  ],
  "readme": "README.md",
  "tags": [],
  "description": "A set of 'collection_inspect' plugins for debugging collection loading",
  "license": [
   "MIT"
  ],
  "license_file": null,
  "dependencies": null,
  "repository": "https://github.com/alikins/collection_inspect",
  "documentation": null,
  "homepage": null,
  "issues": null
 },
 "file_manifest_file": {
  "name": "FILES.json",
  "ftype": "file",
  "chksum_type": "sha256",
  "chksum_sha256": "e0eba7ccd9d84d8d6b4e3441de5dbcbfed676bf623eda040eaa9799818d88812",
  "format": 1
 },
 "format": 1
}