{
    "collection_readme": {
        "name": "README.md",
        "html": "<p>=============================================================</p>\n<p>netapp.azure</p>\n<p>Azure NetApp Files (ANF) Collection</p>\n<p>Copyright (c) 2019 NetApp, Inc. All rights reserved.\nSpecifications subject to change without notice.</p>\n<p>=============================================================</p>\n<h1>Installation</h1>\n<pre><code>ansible-galaxy collection install netapp.azure\n</code></pre>\n\n<p>To use Collection add the following to the top of your playbook, with out this you will be using Ansible 2.9 version of the module</p>\n<pre><code>collections:\n  - netapp.azure\n</code></pre>\n\n<h1>Need help</h1>\n<p>Join our Slack Channel at <a href=\"http://netapp.io/slack\">Netapp.io</a></p>\n<h1>Requirements</h1>\n<ul>\n<li>python &gt;= 2.7</li>\n<li>azure &gt;= 2.0.0</li>\n<li>Python azure-mgmt. Install using <code>pip install azure-mgmt</code></li>\n<li>Python azure-mgmt-netapp. Install using <code>pip install azure-mgmt-netapp</code></li>\n<li>For authentication with Azure NetApp log in before you run your tasks or playbook with 'az login'.</li>\n</ul>\n<h1>Release Notes</h1>\n<h2>20.2.0</h2>\n<h3>Bug Fixes</h3>\n<ul>\n<li>galaxy.yml: fix path to github repository.</li>\n</ul>\n<h2>19.11.0</h2>\n<ul>\n<li>Initial release.</li>\n</ul>\n<h3>New Modules</h3>\n<ul>\n<li>azure_rm_netapp_account: create/delete NetApp Azure Files Account.</li>\n<li>azure_rm_netapp_capacity_pool: create/delete NetApp Azure Files capacity pool.</li>\n<li>azure_rm_netapp_snapshot: create/delete NetApp Azure Files Snapshot.</li>\n<li>azure_rm_netapp_volume: create/delete NetApp Azure Files volume.</li>\n</ul>"
    },
    "documentation_files": [],
    "contents": [
        {
            "content_name": "azure_rm_netapp_capacity_pool",
            "content_type": "module",
            "doc_strings": {
                "doc": {
                    "author": "NetApp Ansible Team (@carchi8py) <ng-ansibleteam@netapp.com>",
                    "description": [
                        "Create and delete NetApp Azure capacity pool. Provide the Resource group name for the capacity pool to be created."
                    ],
                    "filename": "/tmp/tmp5qe409pi/ansible_collections/netapp/azure/plugins/modules/azure_rm_netapp_capacity_pool.py",
                    "module": "azure_rm_netapp_capacity_pool",
                    "notes": [
                        "The modules prefixed with azure_rm_netapp are built to support the Cloud Volume Services for Azure NetApp Files."
                    ],
                    "options": [
                        {
                            "name": "account_name",
                            "description": [
                                "The name of the NetApp account."
                            ],
                            "required": true,
                            "type": "str"
                        },
                        {
                            "name": "location",
                            "description": [
                                "Resource location.",
                                "Required for create."
                            ],
                            "type": "str"
                        },
                        {
                            "name": "name",
                            "description": [
                                "The name of the capacity pool."
                            ],
                            "required": true,
                            "type": "str"
                        },
                        {
                            "name": "resource_group",
                            "description": [
                                "Name of the resource group."
                            ],
                            "required": true,
                            "type": "str"
                        },
                        {
                            "name": "size",
                            "default": 1,
                            "description": [
                                "Provisioned size of the pool (in chunks). Allowed values are in 4TiB chunks.",
                                "Provide number to be multiplied to 4TiB.",
                                "Required for create."
                            ],
                            "type": "int"
                        },
                        {
                            "name": "state",
                            "choices": [
                                "absent",
                                "present"
                            ],
                            "default": "present",
                            "description": [
                                "State C(present) will check that the capacity pool exists with the requested configuration.",
                                "State C(absent) will delete the capacity pool."
                            ],
                            "type": "str"
                        }
                    ],
                    "requirements": [
                        "python >= 2.7",
                        "azure >= 2.0.0",
                        "Python azure-mgmt. Install using 'pip install azure-mgmt'",
                        "Python azure-mgmt-netapp. Install using 'pip install azure-mgmt-netapp'",
                        "For authentication with Azure NetApp log in before you run your tasks or playbook with C(az login)."
                    ],
                    "seealso": [
                        {
                            "description": "How to authenticate using the C(az login) command.",
                            "link": "https://docs.microsoft.com/en-us/cli/azure/authenticate-azure-cli?view=azure-cli-latest",
                            "name": "Sign in with Azure CLI"
                        }
                    ],
                    "short_description": "Manage NetApp Azure Files capacity pool",
                    "version_added": "2.9"
                },
                "examples": "\n\n- name: Create Azure NetApp capacity pool\n  azure_rm_netapp_capacity_pool:\n    resource_group: myResourceGroup\n    account_name: tests-netapp\n    name: tests-pool\n    location: eastus\n    size: 2\n\n- name: Delete Azure NetApp capacity pool\n  azure_rm_netapp_capacity_pool:\n    state: absent\n    resource_group: myResourceGroup\n    account_name: tests-netapp\n    name: tests-pool\n\n",
                "metadata": {
                    "status": [
                        "preview"
                    ],
                    "supported_by": "certified"
                },
                "return": null
            },
            "readme_file": null,
            "readme_html": null
        },
        {
            "content_name": "azure_rm_netapp_account",
            "content_type": "module",
            "doc_strings": {
                "doc": {
                    "author": "NetApp Ansible Team (@carchi8py) <ng-ansibleteam@netapp.com>",
                    "description": [
                        "Create and delete NetApp Azure account. Provide the Resource group name for the NetApp account to be created."
                    ],
                    "filename": "/tmp/tmp5qe409pi/ansible_collections/netapp/azure/plugins/modules/azure_rm_netapp_account.py",
                    "module": "azure_rm_netapp_account",
                    "notes": [
                        "The modules prefixed with azure_rm_netapp are built to support the Cloud Volume Services for Azure NetApp Files."
                    ],
                    "options": [
                        {
                            "name": "location",
                            "description": [
                                "Resource location.",
                                "Required for create."
                            ],
                            "type": "str"
                        },
                        {
                            "name": "name",
                            "description": [
                                "The name of the NetApp account."
                            ],
                            "required": true,
                            "type": "str"
                        },
                        {
                            "name": "resource_group",
                            "description": [
                                "Name of the resource group."
                            ],
                            "required": true,
                            "type": "str"
                        },
                        {
                            "name": "state",
                            "choices": [
                                "absent",
                                "present"
                            ],
                            "default": "present",
                            "description": [
                                "State C(present) will check that the NetApp account exists with the requested configuration.",
                                "State C(absent) will delete the NetApp account."
                            ],
                            "type": "str"
                        }
                    ],
                    "requirements": [
                        "python >= 2.7",
                        "azure >= 2.0.0",
                        "Python azure-mgmt. Install using 'pip install azure-mgmt'",
                        "Python azure-mgmt-netapp. Install using 'pip install azure-mgmt-netapp'",
                        "For authentication with Azure NetApp log in before you run your tasks or playbook with C(az login)."
                    ],
                    "seealso": [
                        {
                            "description": "How to authenticate using the C(az login) command.",
                            "link": "https://docs.microsoft.com/en-us/cli/azure/authenticate-azure-cli?view=azure-cli-latest",
                            "name": "Sign in with Azure CLI"
                        }
                    ],
                    "short_description": "Manage NetApp Azure Files Account",
                    "version_added": "2.9"
                },
                "examples": "\n\n- name: Create NetApp Azure Account\n  azure_rm_netapp_account:\n    resource_group: myResourceGroup\n    name: testaccount\n    location: eastus\n\n- name: Delete NetApp Azure Account\n  azure_rm_netapp_account:\n    state: absent\n    resource_group: myResourceGroup\n    name: testaccount\n    location: eastus\n\n",
                "metadata": {
                    "status": [
                        "preview"
                    ],
                    "supported_by": "certified"
                },
                "return": null
            },
            "readme_file": null,
            "readme_html": null
        },
        {
            "content_name": "azure_rm_netapp_snapshot",
            "content_type": "module",
            "doc_strings": {
                "doc": {
                    "author": "NetApp Ansible Team (@carchi8py) <ng-ansibleteam@netapp.com>",
                    "description": [
                        "Create and delete NetApp Azure Snapshot."
                    ],
                    "filename": "/tmp/tmp5qe409pi/ansible_collections/netapp/azure/plugins/modules/azure_rm_netapp_snapshot.py",
                    "module": "azure_rm_netapp_snapshot",
                    "notes": [
                        "The modules prefixed with azure_rm_netapp are built to support the Cloud Volume Services for Azure NetApp Files."
                    ],
                    "options": [
                        {
                            "name": "account_name",
                            "description": [
                                "The name of the NetApp account."
                            ],
                            "required": true,
                            "type": "str"
                        },
                        {
                            "name": "location",
                            "description": [
                                "Resource location.",
                                "Required for create."
                            ],
                            "type": "str"
                        },
                        {
                            "name": "name",
                            "description": [
                                "The name of the snapshot."
                            ],
                            "required": true,
                            "type": "str"
                        },
                        {
                            "name": "pool_name",
                            "description": [
                                "The name of the capacity pool."
                            ],
                            "required": true,
                            "type": "str"
                        },
                        {
                            "name": "resource_group",
                            "description": [
                                "Name of the resource group."
                            ],
                            "required": true,
                            "type": "str"
                        },
                        {
                            "name": "state",
                            "choices": [
                                "absent",
                                "present"
                            ],
                            "default": "present",
                            "description": [
                                "State C(present) will check that the snapshot exists with the requested configuration.",
                                "State C(absent) will delete the snapshot."
                            ],
                            "type": "str"
                        },
                        {
                            "name": "volume_name",
                            "description": [
                                "The name of the volume."
                            ],
                            "required": true,
                            "type": "str"
                        }
                    ],
                    "requirements": [
                        "python >= 2.7",
                        "azure >= 2.0.0",
                        "Python azure-mgmt. Install using 'pip install azure-mgmt'",
                        "Python azure-mgmt-netapp. Install using 'pip install azure-mgmt-netapp'",
                        "For authentication with Azure NetApp log in before you run your tasks or playbook with C(az login)."
                    ],
                    "seealso": [
                        {
                            "description": "How to authenticate using the C(az login) command.",
                            "link": "https://docs.microsoft.com/en-us/cli/azure/authenticate-azure-cli?view=azure-cli-latest",
                            "name": "Sign in with Azure CLI"
                        }
                    ],
                    "short_description": "Manage NetApp Azure Files Snapshot",
                    "version_added": "2.9"
                },
                "examples": "\n\n- name: Create Azure NetApp Snapshot\n  azure_rm_netapp_snapshot:\n    resource_group: myResourceGroup\n    account_name: tests-netapp\n    pool_name: tests-pool\n    volume_name: tests-volume2\n    name: tests-snapshot\n    location: eastus\n\n- name: Delete Azure NetApp Snapshot\n  azure_rm_netapp_snapshot:\n    state: absent\n    resource_group: myResourceGroup\n    account_name: tests-netapp\n    pool_name: tests-pool\n    volume_name: tests-volume2\n    name: tests-snapshot\n\n",
                "metadata": {
                    "status": [
                        "preview"
                    ],
                    "supported_by": "certified"
                },
                "return": null
            },
            "readme_file": null,
            "readme_html": null
        },
        {
            "content_name": "azure_rm_netapp_volume",
            "content_type": "module",
            "doc_strings": {
                "doc": {
                    "author": "NetApp Ansible Team (@carchi8py) <ng-ansibleteam@netapp.com>",
                    "description": [
                        "Create and delete NetApp Azure volume."
                    ],
                    "filename": "/tmp/tmp5qe409pi/ansible_collections/netapp/azure/plugins/modules/azure_rm_netapp_volume.py",
                    "module": "azure_rm_netapp_volume",
                    "notes": [
                        "The modules prefixed with azure_rm_netapp are built to support the Cloud Volume Services for Azure NetApp Files."
                    ],
                    "options": [
                        {
                            "name": "account_name",
                            "description": [
                                "The name of the NetApp account."
                            ],
                            "required": true,
                            "type": "str"
                        },
                        {
                            "name": "file_path",
                            "description": [
                                "A unique file path for the volume. Used when creating mount targets."
                            ],
                            "type": "str"
                        },
                        {
                            "name": "location",
                            "description": [
                                "Resource location.",
                                "Required for create."
                            ],
                            "type": "str"
                        },
                        {
                            "name": "name",
                            "description": [
                                "The name of the volume."
                            ],
                            "required": true,
                            "type": "str"
                        },
                        {
                            "name": "pool_name",
                            "description": [
                                "The name of the capacity pool."
                            ],
                            "required": true,
                            "type": "str"
                        },
                        {
                            "name": "resource_group",
                            "description": [
                                "Name of the resource group."
                            ],
                            "required": true,
                            "type": "str"
                        },
                        {
                            "name": "service_level",
                            "choices": [
                                "Premium",
                                "Standard",
                                "Ultra"
                            ],
                            "default": "Premium",
                            "description": [
                                "The service level of the file system."
                            ],
                            "type": "str"
                        },
                        {
                            "name": "state",
                            "choices": [
                                "absent",
                                "present"
                            ],
                            "default": "present",
                            "description": [
                                "State C(present) will check that the volume exists with the requested configuration.",
                                "State C(absent) will delete the volume."
                            ],
                            "type": "str"
                        },
                        {
                            "name": "subnet_id",
                            "description": [
                                "The Azure Resource URI for a delegated subnet. Must have the delegation Microsoft.NetApp/volumes.",
                                "Provide name of the subnet ID.",
                                "Required for create."
                            ],
                            "type": "str"
                        },
                        {
                            "name": "virtual_network",
                            "description": [
                                "The name of the virtual network required for the subnet to create a volume.",
                                "Required for create."
                            ],
                            "type": "str"
                        }
                    ],
                    "requirements": [
                        "python >= 2.7",
                        "azure >= 2.0.0",
                        "Python azure-mgmt. Install using 'pip install azure-mgmt'",
                        "Python azure-mgmt-netapp. Install using 'pip install azure-mgmt-netapp'",
                        "For authentication with Azure NetApp log in before you run your tasks or playbook with C(az login)."
                    ],
                    "seealso": [
                        {
                            "description": "How to authenticate using the C(az login) command.",
                            "link": "https://docs.microsoft.com/en-us/cli/azure/authenticate-azure-cli?view=azure-cli-latest",
                            "name": "Sign in with Azure CLI"
                        }
                    ],
                    "short_description": "Manage NetApp Azure Files Volume",
                    "version_added": "2.9"
                },
                "examples": "\n\n- name: Create Azure NetApp volume\n  azure_rm_netapp_volume:\n    resource_group: myResourceGroup\n    account_name: tests-netapp\n    pool_name: tests-pool\n    name: tests-volume2\n    location: eastus\n    file_path: tests-volume2\n    virtual_network: myVirtualNetwork\n    subnet_id: test\n    service_level: Ultra\n\n- name: Delete Azure NetApp volume\n  azure_rm_netapp_volume:\n    state: absent\n    resource_group: myResourceGroup\n    account_name: tests-netapp\n    pool_name: tests-pool\n    name: tests-volume2\n\n",
                "metadata": {
                    "status": [
                        "preview"
                    ],
                    "supported_by": "certified"
                },
                "return": null
            },
            "readme_file": null,
            "readme_html": null
        },
        {
            "content_name": "netapp_module",
            "content_type": "module_utils",
            "doc_strings": null,
            "readme_file": null,
            "readme_html": null
        },
        {
            "content_name": "azure_rm_netapp_common",
            "content_type": "module_utils",
            "doc_strings": null,
            "readme_file": null,
            "readme_html": null
        },
        {
            "content_name": "netapp",
            "content_type": "doc_fragments",
            "doc_strings": null,
            "readme_file": null,
            "readme_html": null
        }
    ],
    "name": "docs_blob.json",
    "_node_type": "IndexJsonNode"
}