{
    "download_url": "http://localhost/example/content/golden/v3/artifacts/collections/golden/alikins-collection_inspect-0.0.177.tar.gz",
    "namespace": {
        "name": "alikins"
    },
    "collection": {
        "name": "collection_inspect"
    },
    "version": "0.0.177",
    "metadata": {
        "namespace": "alikins",
        "name": "collection_inspect",
        "version": "0.0.177",
        "license": [
            "MIT"
        ],
        "description": "A set of 'collection_inspect' plugins for debugging collection loading",
        "repository": "https://github.com/alikins/collection_inspect",
        "documentation": null,
        "homepage": null,
        "issues": null,
        "authors": [
            "Adrian Likins <alikins@redhat.com>"
        ],
        "tags": [],
        "license_file": null,
        "readme": "README.md",
        "dependencies": {}
    },
    "artifact": {
        "filename": "alikins-collection_inspect-0.0.177.tar.gz",
        "full_path": "/home/adrian/src/testcollections/collection-releases/alikins-collection_inspect-0.0.177.tar.gz",
        "sha256": "900ddcae6baaf4b8ed3a58dbb0f94fa3be5bde5c29d630ecc09baaca1fe40a7a",
        "size": 13463,
        "mtime": "2020-04-15T16:13:05.950952"
    },
    "name": "index.json",
    "_node_type": "IndexJsonNode"
}