{
    "meta": {
        "count": 1
    },
    "links": {
        "first": "example/content/golden/v3/collections/ibm/qradar/versions/index.json",
        "last": "example/content/golden/v3/collections/ibm/qradar/versions/index.json",
        "next": null,
        "prev": null
    },
    "data": [
        {
            "version": "0.0.5",
            "href": "example/content/golden/v3/collections/ibm/qradar/versions/0.0.5/",
            "created_at": "2020-06-06T21:47:59.130363",
            "modified_at": "2020-06-06T21:47:59.130363"
        }
    ]
}