{
    "download_url": "http://localhost/example/content/golden/v3/artifacts/collections/golden/alikins-collection_inspect-0.0.173.tar.gz",
    "namespace": {
        "name": "alikins"
    },
    "collection": {
        "name": "collection_inspect"
    },
    "version": "0.0.173",
    "metadata": {
        "namespace": "alikins",
        "name": "collection_inspect",
        "version": "0.0.173",
        "license": [
            "MIT"
        ],
        "description": "A set of 'collection_inspect' plugins for debugging collection loading",
        "repository": "https://github.com/alikins/collection_inspect",
        "documentation": null,
        "homepage": null,
        "issues": null,
        "authors": [
            "Adrian Likins <alikins@redhat.com>"
        ],
        "tags": [],
        "license_file": null,
        "readme": "README.md",
        "dependencies": {}
    },
    "artifact": {
        "filename": "alikins-collection_inspect-0.0.173.tar.gz",
        "full_path": "/home/adrian/src/testcollections/collection-releases/alikins-collection_inspect-0.0.173.tar.gz",
        "sha256": "47f086ad31fd988c0da6c52380410d670761e830de7d06efc2a7c94d45855632",
        "size": 13456,
        "mtime": "2020-03-03T22:09:44.713626"
    },
    "name": "index.json",
    "_node_type": "IndexJsonNode"
}