{
    "download_url": "http://localhost/example/content/golden/v3/artifacts/collections/golden/alikins-collection_inspect-0.0.171.tar.gz",
    "namespace": {
        "name": "alikins"
    },
    "collection": {
        "name": "collection_inspect"
    },
    "version": "0.0.171",
    "metadata": {
        "namespace": "alikins",
        "name": "collection_inspect",
        "version": "0.0.171",
        "license": [
            "MIT"
        ],
        "description": "A set of 'collection_inspect' plugins for debugging collection loading",
        "repository": "https://github.com/alikins/collection_inspect",
        "documentation": null,
        "homepage": null,
        "issues": null,
        "authors": [
            "Adrian Likins <alikins@redhat.com>"
        ],
        "tags": [],
        "license_file": null,
        "readme": "README.md",
        "dependencies": {}
    },
    "artifact": {
        "filename": "alikins-collection_inspect-0.0.171.tar.gz",
        "full_path": "/home/adrian/src/testcollections/collection-releases/alikins-collection_inspect-0.0.171.tar.gz",
        "sha256": "37da3b2b371464c163537b843c4a35456f7b6b91b15eeb9fc2043c62d835e596",
        "size": 13459,
        "mtime": "2020-03-03T22:05:32.409945"
    },
    "name": "index.json",
    "_node_type": "IndexJsonNode"
}