{
 "collection_info": {
  "namespace": "alikins",
  "name": "collection_inspect",
  "version": "0.0.171",
  "authors": [
   "Adrian Likins <alikins@redhat.com>"
  ],
  "readme": "README.md",
  "tags": [],
  "description": "A set of 'collection_inspect' plugins for debugging collection loading",
  "license": [
   "MIT"
  ],
  "license_file": null,
  "dependencies": null,
  "repository": "https://github.com/alikins/collection_inspect",
  "documentation": null,
  "homepage": null,
  "issues": null
 },
 "file_manifest_file": {
  "name": "FILES.json",
  "ftype": "file",
  "chksum_type": "sha256",
  "chksum_sha256": "0a5a22c68e2aa70a8a7c7259cd4431a57c6fa63c37be35c63c9652000dff396d",
  "format": 1
 },
 "format": 1
}