{
    "meta": {
        "count": 3
    },
    "links": {
        "first": "example/content/golden/v3/collections/index.json",
        "last": "example/content/golden/v3/collections/index.json",
        "next": null,
        "prev": null
    },
    "data": [
        {
            "name": "alikins",
            "href": "example/content/golden/v3/collections/alikins/"
        },
        {
            "name": "ibm",
            "href": "example/content/golden/v3/collections/ibm/"
        },
        {
            "name": "netapp",
            "href": "example/content/golden/v3/collections/netapp/"
        }
    ]
}