{
 "collection_info": {
  "namespace": "alikins",
  "name": "collection_inspect",
  "version": "0.0.172",
  "authors": [
   "Adrian Likins <alikins@redhat.com>"
  ],
  "readme": "README.md",
  "tags": [],
  "description": "A set of 'collection_inspect' plugins for debugging collection loading",
  "license": [
   "MIT"
  ],
  "license_file": null,
  "dependencies": null,
  "repository": "https://github.com/alikins/collection_inspect",
  "documentation": null,
  "homepage": null,
  "issues": null
 },
 "file_manifest_file": {
  "name": "FILES.json",
  "ftype": "file",
  "chksum_type": "sha256",
  "chksum_sha256": "50f83afb9b16a257407db4a1d7f46fbc96d2d422739a6404e97e5e28933e4897",
  "format": 1
 },
 "format": 1
}