{
    "download_url": "http://localhost/example/content/golden/v3/artifacts/collections/golden/alikins-collection_inspect-0.0.165.tar.gz",
    "namespace": {
        "name": "alikins"
    },
    "collection": {
        "name": "collection_inspect"
    },
    "version": "0.0.165",
    "metadata": {
        "namespace": "alikins",
        "name": "collection_inspect",
        "version": "0.0.165",
        "license": [
            "MIT"
        ],
        "description": "A set of 'collection_inspect' plugins for debugging collection loading",
        "repository": "https://github.com/alikins/collection_inspect",
        "documentation": null,
        "homepage": null,
        "issues": null,
        "authors": [
            "Adrian Likins <alikins@redhat.com>"
        ],
        "tags": [],
        "license_file": null,
        "readme": "README.md",
        "dependencies": {}
    },
    "artifact": {
        "filename": "alikins-collection_inspect-0.0.165.tar.gz",
        "full_path": "/home/adrian/src/testcollections/collection-releases/alikins-collection_inspect-0.0.165.tar.gz",
        "sha256": "193295d1e721fcbd402966977c249ca471ad4d2910adea3ddbc3a0fb7e44e6da",
        "size": 13461,
        "mtime": "2020-03-03T20:19:46.671081"
    },
    "name": "index.json",
    "_node_type": "IndexJsonNode"
}