{
    "collection_readme": {
        "name": null,
        "html": null
    },
    "documentation_files": [],
    "contents": [],
    "name": "docs_blob.json",
    "_node_type": "IndexJsonNode"
}