{
 "collection_info": {
  "description": "NetApp ONTAP Collection", 
  "repository": "https://github.com/ansible-collections/ansible_collections_netapp", 
  "tags": [
   "storage"
  ], 
  "dependencies": {}, 
  "authors": [
   "NetApp Ansible Team <ng-ansibleteam@netapp.com>"
  ], 
  "issues": null, 
  "name": "ontap", 
  "license": [
   "GPL-2.0-or-later"
  ], 
  "documentation": null, 
  "namespace": "netapp", 
  "version": "20.2.0", 
  "readme": "README.md", 
  "license_file": null, 
  "homepage": "netapp.io"
 }, 
 "file_manifest_file": {
  "format": 1, 
  "ftype": "file", 
  "chksum_sha256": "8b73c583da7239412eecc474c16cccc0f3af0f6735856ae0426f54fbda973fdb", 
  "name": "FILES.json", 
  "chksum_type": "sha256"
 }, 
 "format": 1
}