{
    "download_url": "http://localhost/example/content/golden/v3/artifacts/collections/golden/alikins-collection_inspect-0.0.172.tar.gz",
    "namespace": {
        "name": "alikins"
    },
    "collection": {
        "name": "collection_inspect"
    },
    "version": "0.0.172",
    "metadata": {
        "namespace": "alikins",
        "name": "collection_inspect",
        "version": "0.0.172",
        "license": [
            "MIT"
        ],
        "description": "A set of 'collection_inspect' plugins for debugging collection loading",
        "repository": "https://github.com/alikins/collection_inspect",
        "documentation": null,
        "homepage": null,
        "issues": null,
        "authors": [
            "Adrian Likins <alikins@redhat.com>"
        ],
        "tags": [],
        "license_file": null,
        "readme": "README.md",
        "dependencies": {}
    },
    "artifact": {
        "filename": "alikins-collection_inspect-0.0.172.tar.gz",
        "full_path": "/home/adrian/src/testcollections/collection-releases/alikins-collection_inspect-0.0.172.tar.gz",
        "sha256": "f0eb14aea68f2343230fa00595b045efd14a818968984c1fb70264020cf1658a",
        "size": 13459,
        "mtime": "2020-03-03T22:09:13.814665"
    },
    "name": "index.json",
    "_node_type": "IndexJsonNode"
}