{
    "meta": {
        "count": 2
    },
    "links": {
        "first": "example/content/golden/v3/collections/netapp/aws/versions/index.json",
        "last": "example/content/golden/v3/collections/netapp/aws/versions/index.json",
        "next": null,
        "prev": null
    },
    "data": [
        {
            "version": "20.2.0",
            "href": "example/content/golden/v3/collections/netapp/aws/versions/20.2.0/",
            "created_at": "2020-07-29T19:15:03.666711",
            "modified_at": "2020-07-29T19:15:03.666711"
        },
        {
            "version": "20.2.0",
            "href": "example/content/golden/v3/collections/netapp/aws/versions/20.2.0/",
            "created_at": "2020-06-06T21:48:00.135359",
            "modified_at": "2020-06-06T21:48:00.135359"
        }
    ]
}