{
 "collection_info": {
  "description": "Netapp ElementSW (Solidfire) Collection", 
  "repository": "https://github.com/ansible-collections/ansible_collections_netapp", 
  "tags": [
   "storage"
  ], 
  "dependencies": {}, 
  "authors": [
   "NetApp Ansible Team <ng-ansibleteam@netapp.com>"
  ], 
  "issues": null, 
  "name": "elementsw", 
  "license": [
   "GPL-2.0-or-later"
  ], 
  "documentation": null, 
  "namespace": "netapp", 
  "version": "20.2.0", 
  "readme": "README.md", 
  "license_file": null, 
  "homepage": "netapp.io"
 }, 
 "file_manifest_file": {
  "format": 1, 
  "ftype": "file", 
  "chksum_sha256": "5935e8e3c8a89c3612f930aa8398a27595213a297012a66258ed2bad5d33cd4a", 
  "name": "FILES.json", 
  "chksum_type": "sha256"
 }, 
 "format": 1
}