{
    "meta": {
        "count": 21
    },
    "links": {
        "first": "example/content/golden/v3/collections/alikins/collection_inspect/versions/index.json",
        "last": "example/content/golden/v3/collections/alikins/collection_inspect/versions/index.json",
        "next": null,
        "prev": null
    },
    "data": [
        {
            "version": "0.0.204",
            "href": "example/content/golden/v3/collections/alikins/collection_inspect/versions/0.0.204/",
            "created_at": "2020-05-14T21:35:31.508755",
            "modified_at": "2020-05-14T21:35:31.508755"
        },
        {
            "version": "0.0.199",
            "href": "example/content/golden/v3/collections/alikins/collection_inspect/versions/0.0.199/",
            "created_at": "2020-05-13T19:38:07.803201",
            "modified_at": "2020-05-13T19:38:07.803201"
        },
        {
            "version": "0.0.179",
            "href": "example/content/golden/v3/collections/alikins/collection_inspect/versions/0.0.179/",
            "created_at": "2020-04-15T16:27:18.890920",
            "modified_at": "2020-04-15T16:27:18.890920"
        },
        {
            "version": "0.0.178",
            "href": "example/content/golden/v3/collections/alikins/collection_inspect/versions/0.0.178/",
            "created_at": "2020-04-15T16:25:30.411031",
            "modified_at": "2020-04-15T16:25:30.411031"
        },
        {
            "version": "0.0.177",
            "href": "example/content/golden/v3/collections/alikins/collection_inspect/versions/0.0.177/",
            "created_at": "2020-04-15T16:13:05.950952",
            "modified_at": "2020-04-15T16:13:05.950952"
        },
        {
            "version": "0.0.176",
            "href": "example/content/golden/v3/collections/alikins/collection_inspect/versions/0.0.176/",
            "created_at": "2020-03-20T13:04:17.059948",
            "modified_at": "2020-03-20T13:04:17.059948"
        },
        {
            "version": "0.0.174",
            "href": "example/content/golden/v3/collections/alikins/collection_inspect/versions/0.0.174/",
            "created_at": "2020-03-03T22:12:15.215436",
            "modified_at": "2020-03-03T22:12:15.215436"
        },
        {
            "version": "0.0.173",
            "href": "example/content/golden/v3/collections/alikins/collection_inspect/versions/0.0.173/",
            "created_at": "2020-03-03T22:09:44.713626",
            "modified_at": "2020-03-03T22:09:44.713626"
        },
        {
            "version": "0.0.172",
            "href": "example/content/golden/v3/collections/alikins/collection_inspect/versions/0.0.172/",
            "created_at": "2020-03-03T22:09:13.814665",
            "modified_at": "2020-03-03T22:09:13.814665"
        },
        {
            "version": "0.0.171",
            "href": "example/content/golden/v3/collections/alikins/collection_inspect/versions/0.0.171/",
            "created_at": "2020-03-03T22:05:32.409945",
            "modified_at": "2020-03-03T22:05:32.409945"
        },
        {
            "version": "0.0.170",
            "href": "example/content/golden/v3/collections/alikins/collection_inspect/versions/0.0.170/",
            "created_at": "2020-03-03T22:04:35.425017",
            "modified_at": "2020-03-03T22:04:35.425017"
        },
        {
            "version": "0.0.169",
            "href": "example/content/golden/v3/collections/alikins/collection_inspect/versions/0.0.169/",
            "created_at": "2020-03-03T20:37:04.945325",
            "modified_at": "2020-03-03T20:37:04.945325"
        },
        {
            "version": "0.0.168",
            "href": "example/content/golden/v3/collections/alikins/collection_inspect/versions/0.0.168/",
            "created_at": "2020-03-03T20:30:51.193648",
            "modified_at": "2020-03-03T20:30:51.193648"
        },
        {
            "version": "0.0.167",
            "href": "example/content/golden/v3/collections/alikins/collection_inspect/versions/0.0.167/",
            "created_at": "2020-03-03T20:30:13.989672",
            "modified_at": "2020-03-03T20:30:13.989672"
        },
        {
            "version": "0.0.166",
            "href": "example/content/golden/v3/collections/alikins/collection_inspect/versions/0.0.166/",
            "created_at": "2020-03-03T20:20:30.318053",
            "modified_at": "2020-03-03T20:20:30.318053"
        },
        {
            "version": "0.0.165",
            "href": "example/content/golden/v3/collections/alikins/collection_inspect/versions/0.0.165/",
            "created_at": "2020-03-03T20:19:46.671081",
            "modified_at": "2020-03-03T20:19:46.671081"
        },
        {
            "version": "0.0.164",
            "href": "example/content/golden/v3/collections/alikins/collection_inspect/versions/0.0.164/",
            "created_at": "2020-03-03T20:17:43.408162",
            "modified_at": "2020-03-03T20:17:43.408162"
        },
        {
            "version": "0.0.163",
            "href": "example/content/golden/v3/collections/alikins/collection_inspect/versions/0.0.163/",
            "created_at": "2020-03-03T20:17:04.027187",
            "modified_at": "2020-03-03T20:17:04.027187"
        },
        {
            "version": "0.0.162",
            "href": "example/content/golden/v3/collections/alikins/collection_inspect/versions/0.0.162/",
            "created_at": "2020-03-03T20:14:24.362415",
            "modified_at": "2020-03-03T20:14:24.362415"
        },
        {
            "version": "0.0.161",
            "href": "example/content/golden/v3/collections/alikins/collection_inspect/versions/0.0.161/",
            "created_at": "2020-03-03T20:09:04.245888",
            "modified_at": "2020-03-03T20:09:04.245888"
        },
        {
            "version": "0.0.160",
            "href": "example/content/golden/v3/collections/alikins/collection_inspect/versions/0.0.160/",
            "created_at": "2020-03-03T20:05:31.676201",
            "modified_at": "2020-03-03T20:05:31.676201"
        }
    ]
}