{
    "download_url": "http://localhost/example/content/golden/v3/artifacts/collections/golden/alikins-collection_inspect-0.0.176.tar.gz",
    "namespace": {
        "name": "alikins"
    },
    "collection": {
        "name": "collection_inspect"
    },
    "version": "0.0.176",
    "metadata": {
        "namespace": "alikins",
        "name": "collection_inspect",
        "version": "0.0.176",
        "license": [
            "MIT"
        ],
        "description": "A set of 'collection_inspect' plugins for debugging collection loading",
        "repository": "https://github.com/alikins/collection_inspect",
        "documentation": null,
        "homepage": null,
        "issues": null,
        "authors": [
            "Adrian Likins <alikins@redhat.com>"
        ],
        "tags": [],
        "license_file": null,
        "readme": "README.md",
        "dependencies": {}
    },
    "artifact": {
        "filename": "alikins-collection_inspect-0.0.176.tar.gz",
        "full_path": "/home/adrian/src/testcollections/collection-releases/alikins-collection_inspect-0.0.176.tar.gz",
        "sha256": "1540dc77e3e257033ecac3e4d90b689b124d4ca31db5e21912e3c8736d574e13",
        "size": 13463,
        "mtime": "2020-03-20T13:04:17.059948"
    },
    "name": "index.json",
    "_node_type": "IndexJsonNode"
}