index.json
index.html
warehouse_info.json
ansible.cfg
changes/index.html
changes/index.json
v3/index.json
v3/index.html
v3/collections/index.json
v3/collections/index.html
v3/collections/netapp/index.html
v3/collections/netapp/index.json
v3/collections/netapp/aws/index.html
v3/collections/netapp/aws/versions/index.html
v3/collections/netapp/aws/versions/index.json
v3/collections/netapp/aws/versions/20.2.0/index.json
v3/collections/netapp/aws/versions/20.2.0/README.html
v3/collections/netapp/aws/versions/20.2.0/index.html
v3/collections/netapp/aws/versions/20.2.0/docs_blob.json
v3/collections/netapp/aws/versions/20.2.0/MANIFEST.json
v3/collections/netapp/aws/versions/20.2.0/FILES.json
v3/collections/netapp/aws/versions/20.2.0/index.json
v3/collections/netapp/aws/versions/20.2.0/README.html
v3/collections/netapp/aws/versions/20.2.0/index.html
v3/collections/netapp/aws/versions/20.2.0/docs_blob.json
v3/collections/netapp/aws/versions/20.2.0/MANIFEST.json
v3/collections/netapp/aws/versions/20.2.0/FILES.json
v3/collections/netapp/aws/index.json
v3/collections/netapp/azure/index.html
v3/collections/netapp/azure/versions/index.html
v3/collections/netapp/azure/versions/index.json
v3/collections/netapp/azure/versions/20.2.0/index.json
v3/collections/netapp/azure/versions/20.2.0/README.html
v3/collections/netapp/azure/versions/20.2.0/index.html
v3/collections/netapp/azure/versions/20.2.0/docs_blob.json
v3/collections/netapp/azure/versions/20.2.0/MANIFEST.json
v3/collections/netapp/azure/versions/20.2.0/FILES.json
v3/collections/netapp/azure/index.json
v3/collections/netapp/elementsw/index.html
v3/collections/netapp/elementsw/versions/index.html
v3/collections/netapp/elementsw/versions/index.json
v3/collections/netapp/elementsw/versions/20.2.0/index.json
v3/collections/netapp/elementsw/versions/20.2.0/README.html
v3/collections/netapp/elementsw/versions/20.2.0/index.html
v3/collections/netapp/elementsw/versions/20.2.0/docs_blob.json
v3/collections/netapp/elementsw/versions/20.2.0/MANIFEST.json
v3/collections/netapp/elementsw/versions/20.2.0/FILES.json
v3/collections/netapp/elementsw/index.json
v3/collections/netapp/santricity/index.html
v3/collections/netapp/santricity/versions/index.html
v3/collections/netapp/santricity/versions/index.json
v3/collections/netapp/santricity/versions/1.0.6/index.json
v3/collections/netapp/santricity/versions/1.0.6/README.html
v3/collections/netapp/santricity/versions/1.0.6/index.html
v3/collections/netapp/santricity/versions/1.0.6/docs_blob.json
v3/collections/netapp/santricity/versions/1.0.6/MANIFEST.json
v3/collections/netapp/santricity/versions/1.0.6/FILES.json
v3/collections/netapp/santricity/index.json
v3/collections/netapp/ontap/index.html
v3/collections/netapp/ontap/versions/index.html
v3/collections/netapp/ontap/versions/index.json
v3/collections/netapp/ontap/versions/20.2.0/index.json
v3/collections/netapp/ontap/versions/20.2.0/README.html
v3/collections/netapp/ontap/versions/20.2.0/index.html
v3/collections/netapp/ontap/versions/20.2.0/docs_blob.json
v3/collections/netapp/ontap/versions/20.2.0/MANIFEST.json
v3/collections/netapp/ontap/versions/20.2.0/FILES.json
v3/collections/netapp/ontap/index.json
v3/collections/ibm/index.html
v3/collections/ibm/index.json
v3/collections/ibm/spectrum_virtualize/index.html
v3/collections/ibm/spectrum_virtualize/versions/index.html
v3/collections/ibm/spectrum_virtualize/versions/index.json
v3/collections/ibm/spectrum_virtualize/versions/1.0.3/index.json
v3/collections/ibm/spectrum_virtualize/versions/1.0.3/README.html
v3/collections/ibm/spectrum_virtualize/versions/1.0.3/index.html
v3/collections/ibm/spectrum_virtualize/versions/1.0.3/docs_blob.json
v3/collections/ibm/spectrum_virtualize/versions/1.0.3/MANIFEST.json
v3/collections/ibm/spectrum_virtualize/versions/1.0.3/FILES.json
v3/collections/ibm/spectrum_virtualize/index.json
v3/collections/ibm/qradar/index.html
v3/collections/ibm/qradar/versions/index.html
v3/collections/ibm/qradar/versions/index.json
v3/collections/ibm/qradar/versions/0.0.5/index.json
v3/collections/ibm/qradar/versions/0.0.5/README.html
v3/collections/ibm/qradar/versions/0.0.5/index.html
v3/collections/ibm/qradar/versions/0.0.5/docs_blob.json
v3/collections/ibm/qradar/versions/0.0.5/MANIFEST.json
v3/collections/ibm/qradar/versions/0.0.5/FILES.json
v3/collections/ibm/qradar/index.json
v3/collections/ibm/ibm_zos_core/index.html
v3/collections/ibm/ibm_zos_core/versions/index.html
v3/collections/ibm/ibm_zos_core/versions/index.json
v3/collections/ibm/ibm_zos_core/versions/1.0.0/index.json
v3/collections/ibm/ibm_zos_core/versions/1.0.0/README.html
v3/collections/ibm/ibm_zos_core/versions/1.0.0/index.html
v3/collections/ibm/ibm_zos_core/versions/1.0.0/docs_blob.json
v3/collections/ibm/ibm_zos_core/versions/1.0.0/MANIFEST.json
v3/collections/ibm/ibm_zos_core/versions/1.0.0/FILES.json
v3/collections/ibm/ibm_zos_core/index.json
v3/collections/alikins/index.html
v3/collections/alikins/index.json
v3/collections/alikins/collection_inspect/index.html
v3/collections/alikins/collection_inspect/versions/index.html
v3/collections/alikins/collection_inspect/versions/index.json
v3/collections/alikins/collection_inspect/versions/0.0.162/index.json
v3/collections/alikins/collection_inspect/versions/0.0.162/README.html
v3/collections/alikins/collection_inspect/versions/0.0.162/index.html
v3/collections/alikins/collection_inspect/versions/0.0.162/docs_blob.json
v3/collections/alikins/collection_inspect/versions/0.0.162/MANIFEST.json
v3/collections/alikins/collection_inspect/versions/0.0.162/FILES.json
v3/collections/alikins/collection_inspect/versions/0.0.161/index.json
v3/collections/alikins/collection_inspect/versions/0.0.161/README.html
v3/collections/alikins/collection_inspect/versions/0.0.161/index.html
v3/collections/alikins/collection_inspect/versions/0.0.161/docs_blob.json
v3/collections/alikins/collection_inspect/versions/0.0.161/MANIFEST.json
v3/collections/alikins/collection_inspect/versions/0.0.161/FILES.json
v3/collections/alikins/collection_inspect/versions/0.0.160/index.json
v3/collections/alikins/collection_inspect/versions/0.0.160/README.html
v3/collections/alikins/collection_inspect/versions/0.0.160/index.html
v3/collections/alikins/collection_inspect/versions/0.0.160/docs_blob.json
v3/collections/alikins/collection_inspect/versions/0.0.160/MANIFEST.json
v3/collections/alikins/collection_inspect/versions/0.0.160/FILES.json
v3/collections/alikins/collection_inspect/versions/0.0.163/index.json
v3/collections/alikins/collection_inspect/versions/0.0.163/README.html
v3/collections/alikins/collection_inspect/versions/0.0.163/index.html
v3/collections/alikins/collection_inspect/versions/0.0.163/docs_blob.json
v3/collections/alikins/collection_inspect/versions/0.0.163/MANIFEST.json
v3/collections/alikins/collection_inspect/versions/0.0.163/FILES.json
v3/collections/alikins/collection_inspect/versions/0.0.164/index.json
v3/collections/alikins/collection_inspect/versions/0.0.164/README.html
v3/collections/alikins/collection_inspect/versions/0.0.164/index.html
v3/collections/alikins/collection_inspect/versions/0.0.164/docs_blob.json
v3/collections/alikins/collection_inspect/versions/0.0.164/MANIFEST.json
v3/collections/alikins/collection_inspect/versions/0.0.164/FILES.json
v3/collections/alikins/collection_inspect/versions/0.0.165/index.json
v3/collections/alikins/collection_inspect/versions/0.0.165/README.html
v3/collections/alikins/collection_inspect/versions/0.0.165/index.html
v3/collections/alikins/collection_inspect/versions/0.0.165/docs_blob.json
v3/collections/alikins/collection_inspect/versions/0.0.165/MANIFEST.json
v3/collections/alikins/collection_inspect/versions/0.0.165/FILES.json
v3/collections/alikins/collection_inspect/versions/0.0.166/index.json
v3/collections/alikins/collection_inspect/versions/0.0.166/README.html
v3/collections/alikins/collection_inspect/versions/0.0.166/index.html
v3/collections/alikins/collection_inspect/versions/0.0.166/docs_blob.json
v3/collections/alikins/collection_inspect/versions/0.0.166/MANIFEST.json
v3/collections/alikins/collection_inspect/versions/0.0.166/FILES.json
v3/collections/alikins/collection_inspect/versions/0.0.167/index.json
v3/collections/alikins/collection_inspect/versions/0.0.167/README.html
v3/collections/alikins/collection_inspect/versions/0.0.167/index.html
v3/collections/alikins/collection_inspect/versions/0.0.167/docs_blob.json
v3/collections/alikins/collection_inspect/versions/0.0.167/MANIFEST.json
v3/collections/alikins/collection_inspect/versions/0.0.167/FILES.json
v3/collections/alikins/collection_inspect/versions/0.0.168/index.json
v3/collections/alikins/collection_inspect/versions/0.0.168/README.html
v3/collections/alikins/collection_inspect/versions/0.0.168/index.html
v3/collections/alikins/collection_inspect/versions/0.0.168/docs_blob.json
v3/collections/alikins/collection_inspect/versions/0.0.168/MANIFEST.json
v3/collections/alikins/collection_inspect/versions/0.0.168/FILES.json
v3/collections/alikins/collection_inspect/versions/0.0.170/index.json
v3/collections/alikins/collection_inspect/versions/0.0.170/README.html
v3/collections/alikins/collection_inspect/versions/0.0.170/index.html
v3/collections/alikins/collection_inspect/versions/0.0.170/docs_blob.json
v3/collections/alikins/collection_inspect/versions/0.0.170/MANIFEST.json
v3/collections/alikins/collection_inspect/versions/0.0.170/FILES.json
v3/collections/alikins/collection_inspect/versions/0.0.169/index.json
v3/collections/alikins/collection_inspect/versions/0.0.169/README.html
v3/collections/alikins/collection_inspect/versions/0.0.169/index.html
v3/collections/alikins/collection_inspect/versions/0.0.169/docs_blob.json
v3/collections/alikins/collection_inspect/versions/0.0.169/MANIFEST.json
v3/collections/alikins/collection_inspect/versions/0.0.169/FILES.json
v3/collections/alikins/collection_inspect/versions/0.0.171/index.json
v3/collections/alikins/collection_inspect/versions/0.0.171/README.html
v3/collections/alikins/collection_inspect/versions/0.0.171/index.html
v3/collections/alikins/collection_inspect/versions/0.0.171/docs_blob.json
v3/collections/alikins/collection_inspect/versions/0.0.171/MANIFEST.json
v3/collections/alikins/collection_inspect/versions/0.0.171/FILES.json
v3/collections/alikins/collection_inspect/versions/0.0.172/index.json
v3/collections/alikins/collection_inspect/versions/0.0.172/README.html
v3/collections/alikins/collection_inspect/versions/0.0.172/index.html
v3/collections/alikins/collection_inspect/versions/0.0.172/docs_blob.json
v3/collections/alikins/collection_inspect/versions/0.0.172/MANIFEST.json
v3/collections/alikins/collection_inspect/versions/0.0.172/FILES.json
v3/collections/alikins/collection_inspect/versions/0.0.173/index.json
v3/collections/alikins/collection_inspect/versions/0.0.173/README.html
v3/collections/alikins/collection_inspect/versions/0.0.173/index.html
v3/collections/alikins/collection_inspect/versions/0.0.173/docs_blob.json
v3/collections/alikins/collection_inspect/versions/0.0.173/MANIFEST.json
v3/collections/alikins/collection_inspect/versions/0.0.173/FILES.json
v3/collections/alikins/collection_inspect/versions/0.0.174/index.json
v3/collections/alikins/collection_inspect/versions/0.0.174/README.html
v3/collections/alikins/collection_inspect/versions/0.0.174/index.html
v3/collections/alikins/collection_inspect/versions/0.0.174/docs_blob.json
v3/collections/alikins/collection_inspect/versions/0.0.174/MANIFEST.json
v3/collections/alikins/collection_inspect/versions/0.0.174/FILES.json
v3/collections/alikins/collection_inspect/versions/0.0.176/index.json
v3/collections/alikins/collection_inspect/versions/0.0.176/README.html
v3/collections/alikins/collection_inspect/versions/0.0.176/index.html
v3/collections/alikins/collection_inspect/versions/0.0.176/docs_blob.json
v3/collections/alikins/collection_inspect/versions/0.0.176/MANIFEST.json
v3/collections/alikins/collection_inspect/versions/0.0.176/FILES.json
v3/collections/alikins/collection_inspect/versions/0.0.199/index.json
v3/collections/alikins/collection_inspect/versions/0.0.199/README.html
v3/collections/alikins/collection_inspect/versions/0.0.199/index.html
v3/collections/alikins/collection_inspect/versions/0.0.199/docs_blob.json
v3/collections/alikins/collection_inspect/versions/0.0.199/MANIFEST.json
v3/collections/alikins/collection_inspect/versions/0.0.199/FILES.json
v3/collections/alikins/collection_inspect/versions/0.0.179/index.json
v3/collections/alikins/collection_inspect/versions/0.0.179/README.html
v3/collections/alikins/collection_inspect/versions/0.0.179/index.html
v3/collections/alikins/collection_inspect/versions/0.0.179/docs_blob.json
v3/collections/alikins/collection_inspect/versions/0.0.179/MANIFEST.json
v3/collections/alikins/collection_inspect/versions/0.0.179/FILES.json
v3/collections/alikins/collection_inspect/versions/0.0.177/index.json
v3/collections/alikins/collection_inspect/versions/0.0.177/README.html
v3/collections/alikins/collection_inspect/versions/0.0.177/index.html
v3/collections/alikins/collection_inspect/versions/0.0.177/docs_blob.json
v3/collections/alikins/collection_inspect/versions/0.0.177/MANIFEST.json
v3/collections/alikins/collection_inspect/versions/0.0.177/FILES.json
v3/collections/alikins/collection_inspect/versions/0.0.178/index.json
v3/collections/alikins/collection_inspect/versions/0.0.178/README.html
v3/collections/alikins/collection_inspect/versions/0.0.178/index.html
v3/collections/alikins/collection_inspect/versions/0.0.178/docs_blob.json
v3/collections/alikins/collection_inspect/versions/0.0.178/MANIFEST.json
v3/collections/alikins/collection_inspect/versions/0.0.178/FILES.json
v3/collections/alikins/collection_inspect/versions/0.0.204/index.json
v3/collections/alikins/collection_inspect/versions/0.0.204/README.html
v3/collections/alikins/collection_inspect/versions/0.0.204/index.html
v3/collections/alikins/collection_inspect/versions/0.0.204/docs_blob.json
v3/collections/alikins/collection_inspect/versions/0.0.204/MANIFEST.json
v3/collections/alikins/collection_inspect/versions/0.0.204/FILES.json
v3/collections/alikins/collection_inspect/index.json
v3/artifacts/index.json
v3/artifacts/index.html
v3/artifacts/collections/index.json
v3/artifacts/collections/index.html
v3/artifacts/collections/golden/index.json
v3/artifacts/collections/golden/index.html
v3/artifacts/collections/golden/SHA256SUMS
FILES.txt
.gitignore
SHA256SUMS