{
    "available_versions": {
        "v3": "v3/"
    },
    "name": "index.json",
    "_node_type": "IndexJsonNode"
}