{
    "meta": {
        "count": 1
    },
    "links": {
        "first": "example/content/golden/v3/collections/alikins/index.json",
        "last": "example/content/golden/v3/collections/alikins/index.json",
        "next": null,
        "prev": null
    },
    "data": [
        {
            "name": "collection_inspect",
            "href": "example/content/golden/v3/collections/alikins/collection_inspect/"
        }
    ]
}